  OK  A1 Build l├ñuft ÔÇö Ô£ô build: app.3fd62d6fad.js (828 KB), wgapp.html 899 ÔåÆ 189 KB, Babel nicht ausgeliefert ÔåÆ E:\Users\torbe\AppData\Local\Temp\wg-dist-UfHksL
  OK  A2 dist: app.<hash>.js, kein Babel, kein Quelltext im HTML ÔÇö 404.html,app.3fd62d6fad.js,apple-touch-icon.png,fonts,icon-192.png,icon-512.png,icon-maskable-512.png,icon.svg,manifest.json,robots.txt,sw.js,vendor,wgapp.html
  OK  A3 dist/sw.js: App-Datei in der Shell, Babel nicht vorab
  OK  A4 nicht ausgeliefert: Tests, Skripte, Doku, API ÔÇö 404.html,app.3fd62d6fad.js,apple-touch-icon.png,fonts,icon-192.png,icon-512.png,icon-maskable-512.png,icon.svg,manifest.json,robots.txt,sw.js,vendor,wgapp.html
  OK  A5 l├ñuft vorab ├╝bersetzt (kein Browser-Kompilat, Build-Kennung = Datei) ÔÇö {"pre":true,"build":"3fd62d6fad","jsx":false}
  OK  A6 Babel wird nicht geladen
  OK  A7 Erststart bei 4├ù gedrosselter CPU unter 6 s (vorher 16,5 s) ÔÇö 824 ms
  OK  A8 keine Fehler
  OK  B1 neue App startet auf ÔÇ×HeuteÔÇ£ (erster Tab)
  OK  B2 Heute: Ank├╝ndigungen, Nachrichten, Timer, Reparaturen, Logins (Karte oder Chip)
  OK  B3 Haushalt ohne Ank├╝ndigungen/Nachrichten/Timer/ÔÇ×Du bist dranÔÇ£
  OK  C1 leer ÔåÆ Knopf ÔÇ×+ Ausgabe hinzuf├╝genÔÇ£
  OK  C2 ohne Betrag: Hinweis aufs volle Formular
  OK  C3 ├Âffnet das Formular mit ÔÇ×PizzaÔÇ£ vorbelegt
  OK  C4 mit Betrag ÔåÆ ÔÇ×EintragenÔÇ£
  OK  C5 der gro├ƒe Extra-Knopf ist weg (nur noch einer)
  OK  D1 Schuldner sieht Hinweis statt ÔÇ×Alles abrechnenÔÇ£
  OK  D2 Gl├ñubiger sieht ÔÇ×Alles abrechnenÔÇ£
  OK  E1 gelernter Kauf ÔÇ×HafermilchÔÇ£ als Kachel
  OK  E1b gelernte Kachel: ÔÇ×+ auf die ListeÔÇ£ ÔåÆ Liste + Push ÔÇ×brauchtÔÇ£ ÔÇö [{"code":"TEST-LOKAL-UX","from":"t4d05pso8H887U","title":"­ƒøÆ Torben braucht Hafermilch","body":"","tag":"wg-shop","type":"shop"}]
  OK  E2 keine Vorschlags-Chips mehr
  OK  E3 Reihenfolge Obst ÔåÆ K├╝hlregal ÔåÆ Drogerie ÔåÆ Sonstiges ÔÇö ├äpfel | Hafermilch | Milch | Klopapier | Batteriehalter
  OK  E4 Bereich steht an der Zeile
  OK  E5 ÔÇ×Mitbringen lassenÔÇ£ jetzt in der Einkaufsliste
  OK  F1 Heute zeigt ÔÇ×Wer bist du?ÔÇ£
  OK  F2 auch im Haushalt, ÔÇ×+ Ausgabe hinzuf├╝genÔÇ£ bleibt erreichbar
  OK  F3 ein Tipp setzt die Person, Hinweis verschwindet
  OK  G1 ÔÇ×MorgenÔÇ£ setzt snooze, Aufgabe verschwindet aus ÔÇ×Du bist dranÔÇ£ ÔÇö {"seq":100,"id":"t1","name":"Bad putzen","em":"­ƒÜ┐","interval":7,"pts":3,"assignee":"u1","lastDone":"2026-10-01","snooze":"2026-10-11"}
  OK  G2 Serie bleibt heil (nicht ├╝berf├ñllig)
  OK  G3 R├╝ckg├ñngig holt sie zur├╝ck
  OK  G4 Abhaken r├ñumt ÔÇ×MorgenÔÇ£ ab, Eintrag p├╝nktlich (late 0) ÔÇö {"seq":100,"id":"t1","name":"Bad putzen","em":"­ƒÜ┐","interval":7,"pts":3,"assignee":"u2","lastDone":"2026-10-10","snooze":null}
  OK  H1 Trockner merkt 30 Min., Waschmaschine hat ihren Standard (90) ÔÇö Starten ┬À fertig um 12:58 / Starten ┬À fertig um 11:58
  OK  I1 Push-Arten: Nachricht + W├ñsche an, Info-Arten leise ÔÇö {"exp":false,"shop":false,"putz":true,"settle":true,"remind":true,"board":false,"msg":true,"wash":true,"away":false,"repair":false,"game":false,"done":false,"digest":false,"quiet":false,"qs":22,"qe":8,"pv":2}
  OK  I2 Server + Regeln kennen die Arten
  OK  J1 sechs Gruppen (seit wg-v68 + Inventar & Auszug), anfangs zu ÔÇö 6
  OK  J2 Mehr ist kurz (Ôëñ 1,5 Bildschirme) ÔÇö 791px
  OK  J3 Aufklappen zeigt den Inhalt und merkt es sich
  OK  J4 Tab-Beschriftung 11 px, Untertitel 12,5 px
  OK  J5 Fehlerprotokoll-Gruppe ├Âffnet sich bei Eintr├ñgen von selbst (roter Punkt)
  OK  J6 ohne Person: ÔÇ×PersonenÔÇ£ offen
  OK  L1 alter Modul-Schnappschuss (heute:false aus v64/65) ÔåÆ Heute kommt einmalig zur├╝ck
  OK  L2 Laden-Bereiche: Reis/Butterkekse/Tomatenmark ÔåÆ Vorrat, Wei├ƒwein/Apfelsaft/Eistee ÔåÆ Getr├ñnke, Eis/TK ÔåÆ Tiefk├╝hl ÔÇö vorrat,tk,kuehl,vorrat,vorrat,drinks,kuehl,drinks,tk,obst,drinks,sonst,obst
  OK  L3 gelernte Kachel bleibt gelernt (kein Vorrat-Eintrag, weiter ÔÇ×+ auf die ListeÔÇ£)
  OK  L4 Gruppe mit Warnpunkt l├ñsst sich zuklappen
  OK  L5 ÔÇª und wieder aufklappen
  OK  L6 Putzplan aus ÔåÆ Heute meldet nicht ÔÇ×nichts f├ñlligÔÇ£
  OK  K1 ohne Heute: Karten im Haushalt

47 ok, 0 fehlgeschlagen
